0 verbose cli /usr/local/bin/node /usr/local/bin/npm
1 info using npm@10.9.2
2 info using node@v22.15.1
3 silly config load:file:/usr/local/lib/node_modules/npm/npmrc
4 silly config load:file:/Users/santiagovalencia/Library/Caches/typescript/5.9/.npmrc
5 silly config load:file:/Users/santiagovalencia/.npmrc
6 silly config load:file:/usr/local/etc/npmrc
7 verbose title npm install @types/node@ts5.9
8 verbose argv "install" "--ignore-scripts" "@types/node@ts5.9" "--save-dev" "--user-agent" "typesInstaller/5.9.2"
9 verbose logfile logs-max:10 dir:/Users/santiagovalencia/.npm/_logs/2026-03-15T06_33_39_045Z-
10 verbose logfile /Users/santiagovalencia/.npm/_logs/2026-03-15T06_33_39_045Z-debug-0.log
11 silly logfile start cleaning logs, removing 1 files
12 silly packumentCache heap:2197815296 maxSize:549453824 maxEntrySize:274726912
13 silly logfile done cleaning log files
14 silly packumentCache corgi:https://registry.npmjs.org/@types%2fnode cache-miss
15 http fetch GET 200 https://registry.npmjs.org/@types%2fnode 1038ms (cache miss)
16 silly packumentCache corgi:https://registry.npmjs.org/@types%2fnode set size:undefined disposed:false
17 silly idealTree buildDeps
18 silly fetch manifest @types/node@25.5.0
19 silly packumentCache full:https://registry.npmjs.org/@types%2fnode cache-miss
20 http fetch GET 200 https://registry.npmjs.org/@types%2fnode 132ms (cache revalidated)
21 silly packumentCache full:https://registry.npmjs.org/@types%2fnode set size:10939971 disposed:false
22 silly placeDep ROOT @types/node@25.5.0 OK for:  want: 25.5.0
23 silly fetch manifest undici-types@~7.18.0
24 silly packumentCache full:https://registry.npmjs.org/undici-types cache-miss
25 http fetch GET 200 https://registry.npmjs.org/undici-types 116ms (cache updated)
26 silly packumentCache full:https://registry.npmjs.org/undici-types set size:undefined disposed:false
27 silly placeDep ROOT undici-types@7.18.2 OK for: @types/node@25.5.0 want: ~7.18.0
28 silly reify moves {}
29 silly audit bulk request {
29 silly audit   '@types/react': [ '19.2.14' ],
29 silly audit   '@types/react-dom': [ '19.2.3' ],
29 silly audit   csstype: [ '3.2.3' ],
29 silly audit   'types-registry': [ '0.1.761' ],
29 silly audit   '@types/node': [ '25.5.0' ],
29 silly audit   'undici-types': [ '7.18.2' ]
29 silly audit }
30 http cache undici-types@https://registry.npmjs.org/undici-types/-/undici-types-7.18.2.tgz 1ms (cache hit)
31 http cache @types/node@https://registry.npmjs.org/@types/node/-/node-25.5.0.tgz 0ms (cache hit)
32 silly tarball no local data for @types/node@https://registry.npmjs.org/@types/node/-/node-25.5.0.tgz. Extracting by manifest.
33 http fetch POST 200 https://registry.npmjs.org/-/npm/v1/security/advisories/bulk 265ms
34 silly audit report {}
35 http fetch GET 200 https://registry.npmjs.org/@types/node/-/node-25.5.0.tgz 687ms (cache miss)
36 silly ADD node_modules/undici-types
37 silly ADD node_modules/@types/node
38 verbose cwd /Users/santiagovalencia/Library/Caches/typescript/5.9
39 verbose os Darwin 25.0.0
40 verbose node v22.15.1
41 verbose npm  v10.9.2
42 verbose exit 0
43 info ok
