0 verbose cli /usr/local/bin/node /usr/local/bin/npm
1 info using npm@10.9.2
2 info using node@v22.15.1
3 silly config load:file:/usr/local/lib/node_modules/npm/npmrc
4 silly config load:file:/Users/santiagovalencia/Library/Caches/typescript/5.9/.npmrc
5 silly config load:file:/Users/santiagovalencia/.npmrc
6 silly config load:file:/usr/local/etc/npmrc
7 verbose title npm install types-registry@latest
8 verbose argv "install" "--ignore-scripts" "types-registry@latest"
9 verbose logfile logs-max:10 dir:/Users/santiagovalencia/.npm/_logs/2026-03-15T06_33_35_488Z-
10 verbose logfile /Users/santiagovalencia/.npm/_logs/2026-03-15T06_33_35_488Z-debug-0.log
11 silly logfile start cleaning logs, removing 1 files
12 silly packumentCache heap:2197815296 maxSize:549453824 maxEntrySize:274726912
13 silly logfile done cleaning log files
14 silly packumentCache corgi:https://registry.npmjs.org/types-registry cache-miss
15 http fetch GET 200 https://registry.npmjs.org/types-registry 715ms (cache updated)
16 silly packumentCache corgi:https://registry.npmjs.org/types-registry set size:undefined disposed:false
17 silly idealTree buildDeps
18 silly fetch manifest types-registry@0.1.761
19 silly packumentCache full:https://registry.npmjs.org/types-registry cache-miss
20 http fetch GET 200 https://registry.npmjs.org/npm 815ms
21 http fetch GET 200 https://registry.npmjs.org/types-registry 191ms (cache updated)
22 silly packumentCache full:https://registry.npmjs.org/types-registry set size:undefined disposed:false
23 silly placeDep ROOT types-registry@0.1.761 REPLACE for:  want: 0.1.761
24 silly reify mark retired [
24 silly reify   '/Users/santiagovalencia/Library/Caches/typescript/5.9/node_modules/types-registry'
24 silly reify ]
25 silly reify moves {
25 silly reify   '/Users/santiagovalencia/Library/Caches/typescript/5.9/node_modules/types-registry': '/Users/santiagovalencia/Library/Caches/typescript/5.9/node_modules/.types-registry-x1hZOqrJ'
25 silly reify }
26 silly audit bulk request {
26 silly audit   '@types/react': [ '19.2.14' ],
26 silly audit   '@types/react-dom': [ '19.2.3' ],
26 silly audit   csstype: [ '3.2.3' ],
26 silly audit   'types-registry': [ '0.1.761' ]
26 silly audit }
27 http cache types-registry@https://registry.npmjs.org/types-registry/-/types-registry-0.1.761.tgz 0ms (cache hit)
28 silly tarball no local data for types-registry@https://registry.npmjs.org/types-registry/-/types-registry-0.1.761.tgz. Extracting by manifest.
29 http fetch GET 200 https://registry.npmjs.org/types-registry/-/types-registry-0.1.761.tgz 204ms (cache miss)
30 http fetch POST 200 https://registry.npmjs.org/-/npm/v1/security/advisories/bulk 240ms
31 silly audit report {}
32 silly CHANGE node_modules/types-registry
33 verbose cwd /Users/santiagovalencia/Library/Caches/typescript/5.9
34 verbose os Darwin 25.0.0
35 verbose node v22.15.1
36 verbose npm  v10.9.2
37 notice
37 notice New major version of npm available! 10.9.2 -> 11.11.1
37 notice Changelog: https://github.com/npm/cli/releases/tag/v11.11.1
37 notice To update run: npm install -g npm@11.11.1
37 notice  { force: true, [Symbol(proc-log.meta)]: true }
38 verbose exit 0
39 info ok
